\BOOKMARK [1][-]{section.1}{\376\377\000W\000s\000t\001\031\000p}{}% 1
\BOOKMARK [1][-]{section.2}{\376\377\000S\000t\000r\000u\000k\000t\000u\000r\000a\000\040\000p\000r\000o\000j\000e\000k\000t\000u}{}% 2
\BOOKMARK [1][-]{section.3}{\376\377\000O\000p\000i\000s\000\040\000k\000l\000a\000s}{}% 3
\BOOKMARK [2][-]{subsection.3.1}{\376\377\000K\000l\000a\000s\000a\000\040\000E\000n\000t\000i\000t\000y}{section.3}% 4
\BOOKMARK [3][-]{subsubsection.3.1.1}{\376\377\000O\000p\000i\000s\000\040\000k\000l\000a\000s\000y}{subsection.3.1}% 5
\BOOKMARK [3][-]{subsubsection.3.1.2}{\376\377\000O\000p\000i\000s\000\040\000s\000t\000a\000n\000\363\000w\000\040\000E\000n\000t\000i\000t\000y\000.\000S\000t\000a\000t\000e}{subsection.3.1}% 6
\BOOKMARK [3][-]{subsubsection.3.1.3}{\376\377\000N\000a\000j\000w\000a\001\174\000n\000i\000e\000j\000s\000z\000e\000\040\000m\000e\000t\000o\000d\000y\000:}{subsection.3.1}% 7
\BOOKMARK [2][-]{subsection.3.2}{\376\377\000K\000l\000a\000s\000a\000\040\000F\000l\000o\000o\000r}{section.3}% 8
\BOOKMARK [3][-]{subsubsection.3.2.1}{\376\377\000O\000p\000i\000s\000\040\000k\000l\000a\000s\000y}{subsection.3.2}% 9
\BOOKMARK [3][-]{subsubsection.3.2.2}{\376\377\000N\000a\000j\000w\000a\001\174\000n\000i\000e\000j\000s\000z\000e\000\040\000m\000e\000t\000o\000d\000y\000:}{subsection.3.2}% 10
\BOOKMARK [2][-]{subsection.3.3}{\376\377\000K\000l\000a\000s\000a\000\040\000E\000l\000e\000v\000a\000t\000o\000r}{section.3}% 11
\BOOKMARK [3][-]{subsubsection.3.3.1}{\376\377\000O\000p\000i\000s\000\040\000k\000l\000a\000s\000y}{subsection.3.3}% 12
\BOOKMARK [3][-]{subsubsection.3.3.2}{\376\377\000O\000p\000i\000s\000\040\000s\000t\000a\000n\000\363\000w\000\040\000E\000l\000e\000v\000a\000t\000o\000r\000.\000S\000t\000a\000t\000e}{subsection.3.3}% 13
\BOOKMARK [3][-]{subsubsection.3.3.3}{\376\377\000K\000o\000l\000e\000j\000k\000a\000\040\000d\000e\000s\000t\000i\000n\000a\000t\000i\000o\000n\000Q\000u\000e\000u\000e}{subsection.3.3}% 14
\BOOKMARK [3][-]{subsubsection.3.3.4}{\376\377\000N\000a\000j\000w\000a\001\174\000n\000i\000e\000j\000s\000z\000e\000\040\000m\000e\000t\000o\000d\000y\000:}{subsection.3.3}% 15
\BOOKMARK [2][-]{subsection.3.4}{\376\377\000K\000l\000a\000s\000a\000\040\000D\000i\000v\000i\000s\000i\000o\000n}{section.3}% 16
\BOOKMARK [2][-]{subsection.3.5}{\376\377\000K\000l\000a\000s\000a\000\040\000E\000l\000e\000v\000a\000t\000o\000r\000G\000U\000I}{section.3}% 17
\BOOKMARK [1][-]{section.4}{\376\377\000U\000r\000u\000c\000h\000o\000m\000i\000e\000n\000i\000e\000\040\000p\000r\000o\000j\000e\000k\000t\000u}{}% 18
\BOOKMARK [2][-]{subsection.4.1}{\376\377\000W\000y\000m\000a\000g\000a\000n\000i\000a}{section.4}% 19
\BOOKMARK [2][-]{subsection.4.2}{\376\377\000K\000o\000m\000p\000i\000l\000a\000c\000j\000a\000\040\000i\000\040\000u\000r\000u\000c\000h\000o\000m\000i\000e\000n\000i\000e\000\040\000z\000\040\000w\000i\000e\000r\000s\000z\000a\000\040\000p\000o\000l\000e\000c\000e\001\104}{section.4}% 20
\BOOKMARK [2][-]{subsection.4.3}{\376\377\000U\000r\000u\000c\000h\000o\000m\000i\000e\000n\000i\000e\000\040\000z\000\040\000I\000D\000E}{section.4}% 21
\BOOKMARK [2][-]{subsection.4.4}{\376\377\000K\000o\000n\000f\000i\000g\000u\000r\000a\000c\000j\000a\000\040\000p\000a\000r\000a\000m\000e\000t\000r\000\363\000w\000\040\000w\000\040\000G\000U\000I}{section.4}% 22
\BOOKMARK [1][-]{section.5}{\376\377\000A\000r\000c\000h\000i\000t\000e\000k\000t\000u\000r\000a\000\040\000i\000\040\000p\000r\000z\000e\000p\001\102\000y\000w\000\040\000d\000a\000n\000y\000c\000h}{}% 23
\BOOKMARK [1][-]{section.6}{\376\377\000P\000o\000d\000s\000u\000m\000o\000w\000a\000n\000i\000e}{}% 24
